// Vitest Snapshot v1, https://vitest.dev/guide/snapshot.html

exports[`all frozen rows pin complete old/final finding identity and actual source membership 1`] = `
[
  {
    "final": {
      "findings": [
        {
          "column": 1,
          "file": "packages/ui/src/x/x.ts",
          "fix": "delete the legacy marker. If the occurrence is still permitted, use the final owner's exact \`@orb-waive\` spelling or add a reviewed grant through the central table, according to that policy's authority.",
          "line": 1,
          "message": "a retired \`@orb-gate-ignore\` marker remains in authored source. It cannot bind a final policy and reads like protection it no longer provides.",
          "policyId": "gate-ignore-inventory",
          "token": "no-such-gate",
        },
      ],
      "toolErrors": [],
    },
    "legacy": {
      "findings": [
        {
          "column": 0,
          "file": "packages/ui/src/x/x.ts",
          "fix": "write the missing \`: <reason>\` (why the suppression is correct + what would end it), correct the name to a real gate file in tooling/src/verify/gates/, or delete the marker.",
          "line": 1,
          "message": "\`// @orb-gate-ignore <name>\` names a gate that isn't registered (tooling/src/verify/gates/) — stale suppression rot: either the gate was retired (delete the ignore comment) or the name is a typo (fix it to the real gate's kebab-case filename).",
          "policyId": undefined,
          "token": "no-such-gate",
        },
      ],
      "toolErrors": [],
    },
    "membership": [
      "packages/ui/src/x/x.ts",
      "tooling/src/verify/gates/real-gate.ts",
    ],
  },
  {
    "final": {
      "findings": [
        {
          "column": 1,
          "file": "packages/server/src/domain/x/x.ts",
          "fix": "delete the legacy marker. If the occurrence is still permitted, use the final owner's exact \`@orb-waive\` spelling or add a reviewed grant through the central table, according to that policy's authority.",
          "line": 1,
          "message": "a retired \`@orb-gate-ignore\` marker remains in authored source. It cannot bind a final policy and reads like protection it no longer provides.",
          "policyId": "gate-ignore-inventory",
          "token": "no-such-gate-2",
        },
      ],
      "toolErrors": [],
    },
    "legacy": {
      "findings": [
        {
          "column": 0,
          "file": "packages/server/src/domain/x/x.ts",
          "fix": "write the missing \`: <reason>\` (why the suppression is correct + what would end it), correct the name to a real gate file in tooling/src/verify/gates/, or delete the marker.",
          "line": 1,
          "message": "\`// @orb-gate-ignore <name>\` names a gate that isn't registered (tooling/src/verify/gates/) — stale suppression rot: either the gate was retired (delete the ignore comment) or the name is a typo (fix it to the real gate's kebab-case filename).",
          "policyId": undefined,
          "token": "no-such-gate-2",
        },
      ],
      "toolErrors": [],
    },
    "membership": [
      "packages/server/src/domain/x/x.ts",
      "tooling/src/verify/gates/real-gate.ts",
    ],
  },
  {
    "final": {
      "findings": [
        {
          "column": 1,
          "file": "packages/ui/src/x/x.ts",
          "fix": "delete the legacy marker. If the occurrence is still permitted, use the final owner's exact \`@orb-waive\` spelling or add a reviewed grant through the central table, according to that policy's authority.",
          "line": 1,
          "message": "a retired \`@orb-gate-ignore\` marker remains in authored source. It cannot bind a final policy and reads like protection it no longer provides.",
          "policyId": "gate-ignore-inventory",
          "token": "real-gate",
        },
      ],
      "toolErrors": [],
    },
    "legacy": {
      "findings": [
        {
          "column": 0,
          "file": "packages/ui/src/x/x.ts",
          "fix": "write the missing \`: <reason>\` (why the suppression is correct + what would end it), correct the name to a real gate file in tooling/src/verify/gates/, or delete the marker.",
          "line": 1,
          "message": "MALFORMED \`@orb-gate-ignore\` marker — no \`: <reason>\` (or an empty \`()\` position). The house grammar requires the reason, so this marker suppresses NOTHING while reading as an exemption. Write \`// @orb-gate-ignore <gate-name>: <why it is correct + what would end it>\`, or delete it. See tooling/src/verify/gates/GATE-AUTHORING.md §4.3.",
          "policyId": undefined,
          "token": "real-gate",
        },
      ],
      "toolErrors": [],
    },
    "membership": [
      "packages/ui/src/x/x.ts",
      "tooling/src/verify/gates/real-gate.ts",
    ],
  },
  {
    "final": {
      "findings": [
        {
          "column": 1,
          "file": "packages/ui/src/x/x.ts",
          "fix": "delete the legacy marker. If the occurrence is still permitted, use the final owner's exact \`@orb-waive\` spelling or add a reviewed grant through the central table, according to that policy's authority.",
          "line": 1,
          "message": "a retired \`@orb-gate-ignore\` marker remains in authored source. It cannot bind a final policy and reads like protection it no longer provides.",
          "policyId": "gate-ignore-inventory",
          "token": "real-gate",
        },
      ],
      "toolErrors": [],
    },
    "legacy": {
      "findings": [
        {
          "column": 0,
          "file": "packages/ui/src/x/x.ts",
          "fix": "write the missing \`: <reason>\` (why the suppression is correct + what would end it), correct the name to a real gate file in tooling/src/verify/gates/, or delete the marker.",
          "line": 1,
          "message": "MALFORMED \`@orb-gate-ignore\` marker — no \`: <reason>\` (or an empty \`()\` position). The house grammar requires the reason, so this marker suppresses NOTHING while reading as an exemption. Write \`// @orb-gate-ignore <gate-name>: <why it is correct + what would end it>\`, or delete it. See tooling/src/verify/gates/GATE-AUTHORING.md §4.3.",
          "policyId": undefined,
          "token": "real-gate",
        },
      ],
      "toolErrors": [],
    },
    "membership": [
      "packages/ui/src/x/x.ts",
      "tooling/src/verify/gates/real-gate.ts",
    ],
  },
  {
    "final": {
      "findings": [
        {
          "column": 1,
          "file": "packages/ui/src/x/x.ts",
          "fix": "delete the legacy marker. If the occurrence is still permitted, use the final owner's exact \`@orb-waive\` spelling or add a reviewed grant through the central table, according to that policy's authority.",
          "line": 1,
          "message": "a retired \`@orb-gate-ignore\` marker remains in authored source. It cannot bind a final policy and reads like protection it no longer provides.",
          "policyId": "gate-ignore-inventory",
          "token": "real-gate",
        },
      ],
      "toolErrors": [],
    },
    "legacy": {
      "findings": [
        {
          "column": 0,
          "file": "packages/ui/src/x/x.ts",
          "fix": "write the missing \`: <reason>\` (why the suppression is correct + what would end it), correct the name to a real gate file in tooling/src/verify/gates/, or delete the marker.",
          "line": 1,
          "message": "STALE \`@orb-gate-ignore\` marker — it suppressed nothing in this run: the violation it was granted for is fixed, the gate no longer scans this file, the gate is dormant, or a named \`(position)\` no longer matches. A stale marker is a LOADED GUN — the next violation written here inherits an exemption nobody granted it. Delete it. See tooling/src/verify/gates/GATE-AUTHORING.md §4.4.",
          "policyId": undefined,
          "token": "real-gate",
        },
      ],
      "toolErrors": [],
    },
    "membership": [
      "packages/ui/src/x/x.ts",
      "tooling/src/verify/gates/real-gate.ts",
      "tooling/src/verify/lib/pass.ts",
    ],
  },
  {
    "final": {
      "findings": [],
      "toolErrors": [],
    },
    "legacy": {
      "findings": [
        {
          "column": 0,
          "file": "tooling/src/verify/gates/gate-ignore-inventory.ts",
          "fix": "write the missing \`: <reason>\` (why the suppression is correct + what would end it), correct the name to a real gate file in tooling/src/verify/gates/, or delete the marker.",
          "line": 0,
          "message": "blindness tripwire: no gate names could be derived from tooling/src/verify/gates/ — the derivation came back EMPTY, so every marker would judge as unregistered and this gate's verdict is unknowable. Re-point GATES_DIR_REL at the gate corpus. See tooling/src/verify/gates/GATE-AUTHORING.md §4.6.",
          "policyId": undefined,
          "token": undefined,
        },
      ],
      "toolErrors": [],
    },
    "membership": [
      "packages/ui/src/x/x.ts",
      "tooling/src/verify/lib/pass.ts",
    ],
  },
  {
    "final": {
      "findings": [
        {
          "column": 1,
          "file": "packages/ui/src/x/x.ts",
          "fix": "delete the legacy marker. If the occurrence is still permitted, use the final owner's exact \`@orb-waive\` spelling or add a reviewed grant through the central table, according to that policy's authority.",
          "line": 1,
          "message": "a retired \`@orb-gate-ignore\` marker remains in authored source. It cannot bind a final policy and reads like protection it no longer provides.",
          "policyId": "gate-ignore-inventory",
          "token": "dormant-gate",
        },
      ],
      "toolErrors": [],
    },
    "legacy": {
      "findings": [
        {
          "column": 0,
          "file": "packages/ui/src/x/x.ts",
          "fix": "write the missing \`: <reason>\` (why the suppression is correct + what would end it), correct the name to a real gate file in tooling/src/verify/gates/, or delete the marker.",
          "line": 1,
          "message": "STALE \`@orb-gate-ignore\` marker — it suppressed nothing in this run: the violation it was granted for is fixed, the gate no longer scans this file, the gate is dormant, or a named \`(position)\` no longer matches. A stale marker is a LOADED GUN — the next violation written here inherits an exemption nobody granted it. Delete it. See tooling/src/verify/gates/GATE-AUTHORING.md §4.4.",
          "policyId": undefined,
          "token": "dormant-gate",
        },
      ],
      "toolErrors": [],
    },
    "membership": [
      "packages/ui/src/x/x.ts",
      "tooling/src/verify/gates/dormant-gate.ts",
      "tooling/src/verify/lib/pass.ts",
    ],
  },
  {
    "final": {
      "findings": [
        {
          "column": 1,
          "file": "tooling/src/verify/gates/real-gate.ts",
          "fix": "delete the legacy marker. If the occurrence is still permitted, use the final owner's exact \`@orb-waive\` spelling or add a reviewed grant through the central table, according to that policy's authority.",
          "line": 1,
          "message": "a retired \`@orb-gate-ignore\` marker remains in authored source. It cannot bind a final policy and reads like protection it no longer provides.",
          "policyId": "gate-ignore-inventory",
          "token": "real-gate",
        },
      ],
      "toolErrors": [],
    },
    "legacy": {
      "findings": [
        {
          "column": 0,
          "file": "tooling/src/verify/gates/real-gate.ts",
          "fix": "write the missing \`: <reason>\` (why the suppression is correct + what would end it), correct the name to a real gate file in tooling/src/verify/gates/, or delete the marker.",
          "line": 1,
          "message": "MALFORMED \`@orb-gate-ignore\` marker — no \`: <reason>\` (or an empty \`()\` position). The house grammar requires the reason, so this marker suppresses NOTHING while reading as an exemption. Write \`// @orb-gate-ignore <gate-name>: <why it is correct + what would end it>\`, or delete it. See tooling/src/verify/gates/GATE-AUTHORING.md §4.3.",
          "policyId": undefined,
          "token": "real-gate",
        },
      ],
      "toolErrors": [],
    },
    "membership": [
      "packages/ui/src/x/x.ts",
      "tooling/src/verify/gates/real-gate.ts",
    ],
  },
  {
    "final": {
      "findings": [
        {
          "column": 1,
          "file": "packages/ui/src/x/x.ts",
          "fix": "delete the legacy marker. If the occurrence is still permitted, use the final owner's exact \`@orb-waive\` spelling or add a reviewed grant through the central table, according to that policy's authority.",
          "line": 1,
          "message": "a retired \`@orb-gate-ignore\` marker remains in authored source. It cannot bind a final policy and reads like protection it no longer provides.",
          "policyId": "gate-ignore-inventory",
          "token": "real-gate",
        },
      ],
      "toolErrors": [],
    },
    "legacy": {
      "findings": [
        {
          "column": 0,
          "file": "packages/ui/src/x/x.ts",
          "fix": "write the missing \`: <reason>\` (why the suppression is correct + what would end it), correct the name to a real gate file in tooling/src/verify/gates/, or delete the marker.",
          "line": 1,
          "message": "STALE \`@orb-gate-ignore\` marker — it suppressed nothing in this run: the violation it was granted for is fixed, the gate no longer scans this file, the gate is dormant, or a named \`(position)\` no longer matches. A stale marker is a LOADED GUN — the next violation written here inherits an exemption nobody granted it. Delete it. See tooling/src/verify/gates/GATE-AUTHORING.md §4.4.",
          "policyId": undefined,
          "token": "real-gate",
        },
      ],
      "toolErrors": [],
    },
    "membership": [
      "packages/ui/src/x/x.ts",
      "tooling/src/verify/gates/real-gate.ts",
      "tooling/src/verify/lib/pass.ts",
    ],
  },
  {
    "final": {
      "findings": [
        {
          "column": 1,
          "file": "tooling/src/stack/lib/spawn-lock.ts",
          "fix": "delete the legacy marker. If the occurrence is still permitted, use the final owner's exact \`@orb-waive\` spelling or add a reviewed grant through the central table, according to that policy's authority.",
          "line": 1,
          "message": "a retired \`@orb-gate-ignore\` marker remains in authored source. It cannot bind a final policy and reads like protection it no longer provides.",
          "policyId": "gate-ignore-inventory",
          "token": "real-gate",
        },
      ],
      "toolErrors": [],
    },
    "legacy": {
      "findings": [
        {
          "column": 0,
          "file": "tooling/src/stack/lib/spawn-lock.ts",
          "fix": "write the missing \`: <reason>\` (why the suppression is correct + what would end it), correct the name to a real gate file in tooling/src/verify/gates/, or delete the marker.",
          "line": 1,
          "message": "STALE \`@orb-gate-ignore\` marker — it suppressed nothing in this run: the violation it was granted for is fixed, the gate no longer scans this file, the gate is dormant, or a named \`(position)\` no longer matches. A stale marker is a LOADED GUN — the next violation written here inherits an exemption nobody granted it. Delete it. See tooling/src/verify/gates/GATE-AUTHORING.md §4.4.",
          "policyId": undefined,
          "token": "real-gate",
        },
      ],
      "toolErrors": [],
    },
    "membership": [
      "tooling/src/stack/lib/spawn-lock.ts",
      "tooling/src/verify/gates/real-gate.ts",
      "tooling/src/verify/lib/pass.ts",
    ],
  },
  {
    "final": {
      "findings": [
        {
          "column": 1,
          "file": "packages/ui/src/x/x.ts",
          "fix": "delete the legacy marker. If the occurrence is still permitted, use the final owner's exact \`@orb-waive\` spelling or add a reviewed grant through the central table, according to that policy's authority.",
          "line": 1,
          "message": "a retired \`@orb-gate-ignore\` marker remains in authored source. It cannot bind a final policy and reads like protection it no longer provides.",
          "policyId": "gate-ignore-inventory",
          "token": "real-gate",
        },
      ],
      "toolErrors": [],
    },
    "legacy": {
      "findings": [],
      "toolErrors": [],
    },
    "membership": [
      "packages/ui/src/x/x.ts",
      "tooling/src/verify/gates/real-gate.ts",
    ],
  },
  {
    "final": {
      "findings": [
        {
          "column": 1,
          "file": "packages/ui/src/x/x.ts",
          "fix": "delete the legacy marker. If the occurrence is still permitted, use the final owner's exact \`@orb-waive\` spelling or add a reviewed grant through the central table, according to that policy's authority.",
          "line": 1,
          "message": "a retired \`@orb-gate-ignore\` marker remains in authored source. It cannot bind a final policy and reads like protection it no longer provides.",
          "policyId": "gate-ignore-inventory",
          "token": "real-gate",
        },
      ],
      "toolErrors": [],
    },
    "legacy": {
      "findings": [],
      "toolErrors": [],
    },
    "membership": [
      "packages/ui/src/x/x.ts",
      "tooling/src/verify/gates/real-gate.ts",
    ],
  },
  {
    "final": {
      "findings": [
        {
          "column": 1,
          "file": "packages/ui/src/x/x.ts",
          "fix": "delete the legacy marker. If the occurrence is still permitted, use the final owner's exact \`@orb-waive\` spelling or add a reviewed grant through the central table, according to that policy's authority.",
          "line": 1,
          "message": "a retired \`@orb-gate-ignore\` marker remains in authored source. It cannot bind a final policy and reads like protection it no longer provides.",
          "policyId": "gate-ignore-inventory",
          "token": "parallel-map-gate",
        },
      ],
      "toolErrors": [],
    },
    "legacy": {
      "findings": [],
      "toolErrors": [],
    },
    "membership": [
      "packages/ui/src/x/x.ts",
      "tooling/src/verify/gates/parallel-map-gate.ts",
    ],
  },
  {
    "final": {
      "findings": [],
      "toolErrors": [],
    },
    "legacy": {
      "findings": [],
      "toolErrors": [],
    },
    "membership": [
      "tests/tooling/x.ts",
      "tooling/src/verify/gates/real-gate.ts",
    ],
  },
  {
    "final": {
      "findings": [
        {
          "column": 1,
          "file": "packages/ui/src/x/x.ts",
          "fix": "delete the legacy marker. If the occurrence is still permitted, use the final owner's exact \`@orb-waive\` spelling or add a reviewed grant through the central table, according to that policy's authority.",
          "line": 1,
          "message": "a retired \`@orb-gate-ignore\` marker remains in authored source. It cannot bind a final policy and reads like protection it no longer provides.",
          "policyId": "gate-ignore-inventory",
          "token": "real-gate",
        },
      ],
      "toolErrors": [],
    },
    "legacy": {
      "findings": [],
      "toolErrors": [],
    },
    "membership": [
      "packages/ui/src/x/x.ts",
      "tooling/src/verify/gates/real-gate.ts",
    ],
  },
  {
    "final": {
      "findings": [],
      "toolErrors": [],
    },
    "legacy": {
      "findings": [],
      "toolErrors": [],
    },
    "membership": [
      "packages/ui/src/x/x.ts",
      "tooling/src/verify/gates/real-gate.ts",
      "tooling/src/verify/lib/pass.ts",
    ],
  },
  {
    "final": {
      "findings": [],
      "toolErrors": [],
    },
    "legacy": {
      "findings": [],
      "toolErrors": [],
    },
    "membership": [
      "packages/ui/src/x/x.ts",
      "tooling/src/verify/gates/real-gate.ts",
      "tooling/src/verify/lib/pass.ts",
    ],
  },
]
`;
