viewgap is a CANDIDATE lens — the field-level half of `clientgap`, and it NEVER gates. A hit is a `*View`/`*Summary` field NO file under packages/client/src spells as a read. READS are the sibling lens's own index (all three property shapes `x.foo` / `x?.foo` / `x["foo"]` plus object destructuring, tests excluded), so the two lenses cannot disagree about what a read is — and they are NAME-matched, never type-resolved, so ANY client file spelling the name absolves the field: this lens UNDER-reports and a hit is strong while a clean run is weak. BLIND SPOTS, stated: a `{ ...view }` spread or a whole-object pass to a generic renderer names no key; a computed/template key read is invisible; the reader corpus is packages/client/src ONLY (a field rendered by an @orb/ui primitive under another prop name is out of reach). "Unwired ≠ worthless" (constitution §1): a hit is an INTENT question — wire it, mark it, or delete it — never a delete signal. Keep a deliberate one with `// @view-server-only: <reason>` on the field; a marker on a field the client now reads is STALE and exits 1 (two-sided). DENOMINATORS: 597 field(s) across 90 owner(s) declared in 40 file(s) (of 1519 scanned under packages/{contracts,server}/src), read against 1319 client production file(s). (5 gap(s) exempted by a reasoned marker.)
{
 "label": "viewgap (all *View/*Summary fields)",
 "total": 33,
 "shown": 33,
 "hits": [
  {
   "file": "packages/contracts/src/assets/index.ts",
   "line": 155,
   "kind": "view-field-unread",
   "text": "GalleryItemView.subjectCharacterId — NO file under packages/client/src spells this name (name-matched, never type-resolved — so this is strong evidence, not proof)"
  },
  {
   "file": "packages/contracts/src/chat/messages.ts",
   "line": 443,
   "kind": "view-field-unread",
   "text": "MessageView.finishReason — NO file under packages/client/src spells this name (name-matched, never type-resolved — so this is strong evidence, not proof)"
  },
  {
   "file": "packages/contracts/src/chat/messages.ts",
   "line": 444,
   "kind": "view-field-unread",
   "text": "MessageView.stopReason — NO file under packages/client/src spells this name (name-matched, never type-resolved — so this is strong evidence, not proof)"
  },
  {
   "file": "packages/contracts/src/chat/messages.ts",
   "line": 445,
   "kind": "view-field-unread",
   "text": "MessageView.terminalReason — NO file under packages/client/src spells this name (name-matched, never type-resolved — so this is strong evidence, not proof)"
  },
  {
   "file": "packages/contracts/src/chat/messages.ts",
   "line": 462,
   "kind": "view-field-unread",
   "text": "MessageView.costProvenance — NO file under packages/client/src spells this name (name-matched, never type-resolved — so this is strong evidence, not proof)"
  },
  {
   "file": "packages/contracts/src/chat/roster.ts",
   "line": 258,
   "kind": "view-field-unread",
   "text": "ParticipantView.joinedAt — NO file under packages/client/src spells this name (name-matched, never type-resolved — so this is strong evidence, not proof)"
  },
  {
   "file": "packages/contracts/src/inference/resolved.ts",
   "line": 23,
   "kind": "view-field-unread",
   "text": "ResolvedConnectionView.requirement — NO file under packages/client/src spells this name (name-matched, never type-resolved — so this is strong evidence, not proof)"
  },
  {
   "file": "packages/contracts/src/world-info/index.ts",
   "line": 155,
   "kind": "view-field-unread",
   "text": "EntryView.worldBookId — NO file under packages/client/src spells this name (name-matched, never type-resolved — so this is strong evidence, not proof)"
  },
  {
   "file": "packages/server/src/domain/automation/contract/ops.ts",
   "line": 707,
   "kind": "view-field-unread",
   "text": "DispatchSummary.anyDisabled — NO file under packages/client/src spells this name (name-matched, never type-resolved — so this is strong evidence, not proof)"
  },
  {
   "file": "packages/server/src/domain/automation/contract/results.ts",
   "line": 27,
   "kind": "view-field-unread",
   "text": "RuleView.predicateCel — NO file under packages/client/src spells this name (name-matched, never type-resolved — so this is strong evidence, not proof)"
  },
  {
   "file": "packages/server/src/domain/automation/contract/results.ts",
   "line": 40,
   "kind": "view-field-unread",
   "text": "RuleView.matchAutomationEvents — NO file under packages/client/src spells this name (name-matched, never type-resolved — so this is strong evidence, not proof)"
  },
  {
   "file": "packages/server/src/domain/automation/contract/results.ts",
   "line": 48,
   "kind": "view-field-unread",
   "text": "RuleView.consecutiveErrors — NO file under packages/client/src spells this name (name-matched, never type-resolved — so this is strong evidence, not proof)"
  },
  {
   "file": "packages/server/src/domain/automation/contract/results.ts",
   "line": 64,
   "kind": "view-field-unread",
   "text": "FireView.automationDepth — NO file under packages/client/src spells this name (name-matched, never type-resolved — so this is strong evidence, not proof)"
  },
  {
   "file": "packages/server/src/domain/character/contract/views.ts",
   "line": 65,
   "kind": "view-field-unread",
   "text": "CharacterSummary.contentHash — NO file under packages/client/src spells this name (name-matched, never type-resolved — so this is strong evidence, not proof)"
  },
  {
   "file": "packages/server/src/domain/chat/contract/views.ts",
   "line": 69,
   "kind": "view-field-unread",
   "text": "ChatSummary.parentChatId — NO file under packages/client/src spells this name (name-matched, never type-resolved — so this is strong evidence, not proof)"
  },
  {
   "file": "packages/server/src/domain/chat/contract/views.ts",
   "line": 118,
   "kind": "view-field-unread",
   "text": "ChatSummary.participantCharacterIds — NO file under packages/client/src spells this name (name-matched, never type-resolved — so this is strong evidence, not proof)"
  },
  {
   "file": "packages/server/src/domain/chat/contract/views.ts",
   "line": 268,
   "kind": "view-field-unread",
   "text": "ChatLineageView.chain — NO file under packages/client/src spells this name (name-matched, never type-resolved — so this is strong evidence, not proof)"
  },
  {
   "file": "packages/server/src/domain/connection/contract/results.ts",
   "line": 29,
   "kind": "view-field-unread",
   "text": "ConnectionCapabilityView.baseline — NO file under packages/client/src spells this name (name-matched, never type-resolved — so this is strong evidence, not proof)"
  },
  {
   "file": "packages/server/src/domain/credentials/contract/views.ts",
   "line": 15,
   "kind": "view-field-unread",
   "text": "CredentialView.hasMetadata — NO file under packages/client/src spells this name (name-matched, never type-resolved — so this is strong evidence, not proof)"
  },
  {
   "file": "packages/server/src/domain/databank/contract/views.ts",
   "line": 18,
   "kind": "view-field-unread",
   "text": "DocumentDetailView.extractorVersion — NO file under packages/client/src spells this name (name-matched, never type-resolved — so this is strong evidence, not proof)"
  },
  {
   "file": "packages/server/src/domain/plugin/contract/results.ts",
   "line": 84,
   "kind": "view-field-unread",
   "text": "PluginView.consecutiveCrashes — NO file under packages/client/src spells this name (name-matched, never type-resolved — so this is strong evidence, not proof)"
  },
  {
   "file": "packages/server/src/domain/plugin/contract/results.ts",
   "line": 86,
   "kind": "view-field-unread",
   "text": "PluginView.installedAt — NO file under packages/client/src spells this name (name-matched, never type-resolved — so this is strong evidence, not proof)"
  },
  {
   "file": "packages/server/src/domain/plugin/contract/results.ts",
   "line": 159,
   "kind": "view-field-unread",
   "text": "DistributedPluginView.distributedAt — NO file under packages/client/src spells this name (name-matched, never type-resolved — so this is strong evidence, not proof)"
  },
  {
   "file": "packages/server/src/domain/sessions/contract/results.ts",
   "line": 52,
   "kind": "view-field-unread",
   "text": "RevokedSessionsSummary.revoked — NO file under packages/client/src spells this name (name-matched, never type-resolved — so this is strong evidence, not proof)"
  },
  {
   "file": "packages/server/src/domain/sessions/contract/results.ts",
   "line": 53,
   "kind": "view-field-unread",
   "text": "RevokedSessionsSummary.userIds — NO file under packages/client/src spells this name (name-matched, never type-resolved — so this is strong evidence, not proof)"
  },
  {
   "file": "packages/server/src/domain/stats/contract/views.ts",
   "line": 35,
   "kind": "view-field-unread",
   "text": "OwnerStatsView.systemTurns — NO file under packages/client/src spells this name (name-matched, never type-resolved — so this is strong evidence, not proof)"
  },
  {
   "file": "packages/server/src/domain/stats/contract/views.ts",
   "line": 53,
   "kind": "view-field-unread",
   "text": "OwnerStatsView.contentBytes — NO file under packages/client/src spells this name (name-matched, never type-resolved — so this is strong evidence, not proof)"
  },
  {
   "file": "packages/server/src/domain/stats/contract/views.ts",
   "line": 54,
   "kind": "view-field-unread",
   "text": "OwnerStatsView.firstChatAt — NO file under packages/client/src spells this name (name-matched, never type-resolved — so this is strong evidence, not proof)"
  },
  {
   "file": "packages/server/src/domain/stats/contract/views.ts",
   "line": 152,
   "kind": "view-field-unread",
   "text": "WrappedSummary.firstChatAt — NO file under packages/client/src spells this name (name-matched, never type-resolved — so this is strong evidence, not proof)"
  },
  {
   "file": "packages/server/src/domain/stats/contract/views.ts",
   "line": 162,
   "kind": "view-field-unread",
   "text": "WrappedSummary.avgSwipeDepth — NO file under packages/client/src spells this name (name-matched, never type-resolved — so this is strong evidence, not proof)"
  },
  {
   "file": "packages/server/src/domain/stats/contract/views.ts",
   "line": 163,
   "kind": "view-field-unread",
   "text": "WrappedSummary.swipeRate — NO file under packages/client/src spells this name (name-matched, never type-resolved — so this is strong evidence, not proof)"
  },
  {
   "file": "packages/server/src/kit/structured-turn/index.ts",
   "line": 35,
   "kind": "view-field-unread",
   "text": "StructuredRetrySummary.issueCount — NO file under packages/client/src spells this name (name-matched, never type-resolved — so this is strong evidence, not proof)"
  },
  {
   "file": "packages/server/src/kit/structured-turn/index.ts",
   "line": 37,
   "kind": "view-field-unread",
   "text": "StructuredRetrySummary.paths — NO file under packages/client/src spells this name (name-matched, never type-resolved — so this is strong evidence, not proof)"
  }
 ],
 "meta": {
  "verb": "viewgap",
  "scope": "corpus:harness-globs(packages/*/src,tests,tooling/src/verify/gates)+path:packages/{contracts,server}/src+view fields:597+client-readers:1319",
  "langs": {
   "ts": 1519
  },
  "scanned": 1519,
  "skipped": 6319,
  "skippedBy": {
   "out-of-scope": 6319,
   "out-of-filter": 0,
   "test-file": 0,
   "declaration-file": 0
  },
  "matches": 33,
  "status": "complete"
 }
}
