rot contracts: ONE project load + ONE liveness build, five CANDIDATE-lens sections below — orphans / testonly / chains / typeonly-alive / swallowed (each section calls the SAME collector its standalone verb calls; run `pnpm ast <verb> contracts` for that section's exemption-marker grammar and bucketed narration). Trades five ~40s loads for one.
{
 "label": "rot contracts :: orphans",
 "total": 29,
 "shown": 29,
 "hits": [
  {
   "file": "packages/contracts/src/assets/index.ts",
   "line": 168,
   "kind": "orphan-export",
   "text": "ResolveBlobRefsParams  —  export type ResolveBlobRefsParams = z.infer<typeof resolveBlobRefsParamsSchema>;"
  },
  {
   "file": "packages/contracts/src/assets/index.ts",
   "line": 194,
   "kind": "orphan-export",
   "text": "ResolveChatBlobRefsParams  —  export type ResolveChatBlobRefsParams = z.infer<typeof resolveChatBlobRefsParamsSchema>;"
  },
  {
   "file": "packages/contracts/src/automation/index.ts",
   "line": 467,
   "kind": "orphan-export",
   "text": "SpendArmType  —  export type SpendArmType = (typeof SPEND_ARM_TYPES)[number];"
  },
  {
   "file": "packages/contracts/src/automation/index.ts",
   "line": 910,
   "kind": "orphan-export",
   "text": "AutomationBusEventType  —  export type AutomationBusEventType = AutomationBusEvent[\"type\"];"
  },
  {
   "file": "packages/contracts/src/automation/index.ts",
   "line": 929,
   "kind": "orphan-export",
   "text": "AUTOMATION_BUS_EVENT_TYPES  —  export const AUTOMATION_BUS_EVENT_TYPES = {"
  },
  {
   "file": "packages/contracts/src/chat/bus.ts",
   "line": 298,
   "kind": "orphan-export",
   "text": "TurnAbortedOpCode  —  export type TurnAbortedOpCode = typeof TURN_ABORTED_OP_CODE;"
  },
  {
   "file": "packages/contracts/src/chat/bus.ts",
   "line": 308,
   "kind": "orphan-export",
   "text": "TurnLockedOpCode  —  export type TurnLockedOpCode = typeof TURN_LOCKED_OP_CODE;"
  },
  {
   "file": "packages/contracts/src/chat/bus.ts",
   "line": 318,
   "kind": "orphan-export",
   "text": "UserMacroUnknownPickOpCode  —  export type UserMacroUnknownPickOpCode = typeof USER_MACRO_UNKNOWN_PICK_OP_CODE;"
  },
  {
   "file": "packages/contracts/src/chat/participants.ts",
   "line": 24,
   "kind": "orphan-export",
   "text": "participantKindSchema  —  export const participantKindSchema = z.enum(PARTICIPANT_KINDS);"
  },
  {
   "file": "packages/contracts/src/chat/roster.ts",
   "line": 28,
   "kind": "orphan-export",
   "text": "participantRoleSchema  —  export const participantRoleSchema = z.enum(PARTICIPANT_ROLES);"
  },
  {
   "file": "packages/contracts/src/chat/roster.ts",
   "line": 540,
   "kind": "orphan-export",
   "text": "inviteStatusSchema  —  export const inviteStatusSchema = z.enum(INVITE_STATUSES);"
  },
  {
   "file": "packages/contracts/src/chat/roster.ts",
   "line": 578,
   "kind": "orphan-export",
   "text": "AcceptInviteInput  —  export type AcceptInviteInput = z.infer<typeof acceptInviteSchema>;"
  },
  {
   "file": "packages/contracts/src/identity/index.ts",
   "line": 27,
   "kind": "orphan-export",
   "text": "userKindSchema  —  export const userKindSchema = z.enum(USER_KINDS);"
  },
  {
   "file": "packages/contracts/src/imagery/index.ts",
   "line": 245,
   "kind": "orphan-export",
   "text": "GeneratePictureRequest  —  export type GeneratePictureRequest = z.infer<typeof generatePictureRequestSchema>;"
  },
  {
   "file": "packages/contracts/src/plugin/host-v1.ts",
   "line": 177,
   "kind": "orphan-export",
   "text": "PluginInvocation  —  export interface PluginInvocation {"
  },
  {
   "file": "packages/contracts/src/refinery/index.ts",
   "line": 304,
   "kind": "orphan-export",
   "text": "RefineryCustomStageConfig  —  export type RefineryCustomStageConfig = z.infer<typeof refineryCustomStageConfigSchema>;"
  },
  {
   "file": "packages/contracts/src/refinery/index.ts",
   "line": 382,
   "kind": "orphan-export",
   "text": "RefineryFieldScore  —  export type RefineryFieldScore = z.infer<typeof refineryFieldScoreSchema>;"
  },
  {
   "file": "packages/contracts/src/rpg/actor.ts",
   "line": 357,
   "kind": "orphan-export",
   "text": "RpgActorIdentityTextField  —  export type RpgActorIdentityTextField = (typeof RPG_ACTOR_IDENTITY_TEXT_FIELDS)[number];"
  },
  {
   "file": "packages/contracts/src/rpg/ambient.ts",
   "line": 48,
   "kind": "orphan-export",
   "text": "RpgWeatherType  —  export type RpgWeatherType = (typeof RPG_WEATHER_TYPES)[number];"
  },
  {
   "file": "packages/contracts/src/rpg/enums.ts",
   "line": 43,
   "kind": "orphan-export",
   "text": "RpgCheckpointTrigger  —  export type RpgCheckpointTrigger = (typeof RPG_CHECKPOINT_TRIGGERS)[number];"
  },
  {
   "file": "packages/contracts/src/rpg/enums.ts",
   "line": 66,
   "kind": "orphan-export",
   "text": "RpgTrackerWrite  —  export type RpgTrackerWrite = (typeof RPG_TRACKER_WRITES)[number];"
  },
  {
   "file": "packages/contracts/src/rpg/enums.ts",
   "line": 75,
   "kind": "orphan-export",
   "text": "RpgTrackerSubject  —  export type RpgTrackerSubject = (typeof RPG_TRACKER_SUBJECTS)[number];"
  },
  {
   "file": "packages/contracts/src/rpg/enums.ts",
   "line": 94,
   "kind": "orphan-export",
   "text": "rpgRelationshipKindSchema  —  export const rpgRelationshipKindSchema = z.enum(RPG_RELATIONSHIP_KINDS);"
  },
  {
   "file": "packages/contracts/src/rpg/enums.ts",
   "line": 107,
   "kind": "orphan-export",
   "text": "rpgCyoaChoiceBehaviorSchema  —  export const rpgCyoaChoiceBehaviorSchema = z.enum(RPG_CYOA_CHOICE_BEHAVIORS);"
  },
  {
   "file": "packages/contracts/src/rpg/extraction.ts",
   "line": 415,
   "kind": "orphan-export",
   "text": "RpgToolRoundToolName  —  export type RpgToolRoundToolName = (typeof RPG_TOOL_ROUND_TOOL_NAMES)[number];"
  },
  {
   "file": "packages/contracts/src/rpg/extraction.ts",
   "line": 716,
   "kind": "orphan-export",
   "text": "RpgPopulate  —  export type RpgPopulate = z.infer<typeof rpgPopulateSchema>;"
  },
  {
   "file": "packages/contracts/src/rpg/mode.ts",
   "line": 98,
   "kind": "orphan-export",
   "text": "RpgModeCapabilityAxis  —  export type RpgModeCapabilityAxis = {"
  },
  {
   "file": "packages/contracts/src/rpg/tools.ts",
   "line": 201,
   "kind": "orphan-export",
   "text": "RpgQuestAction  —  export type RpgQuestAction = (typeof RPG_QUEST_ACTIONS)[number];"
  },
  {
   "file": "packages/contracts/src/rpg/tools.ts",
   "line": 289,
   "kind": "orphan-export",
   "text": "RollDiceArgs  —  export type RollDiceArgs = z.infer<typeof rollDiceArgsSchema>;"
  }
 ],
 "meta": {
  "verb": "rot",
  "scope": "corpus:search-globs(packages/*/src,tests,scripts/**,packages/*/*.ts,*.mts,playwright)+path:/packages/contracts/src/",
  "langs": {
   "ts": 129
  },
  "scanned": 129,
  "skipped": 7725,
  "skippedBy": {
   "out-of-scope": 7725,
   "out-of-filter": 0,
   "test-file": 0,
   "declaration-file": 0
  },
  "matches": 29,
  "status": "complete"
 }
}
{
 "label": "rot contracts :: testonly",
 "total": 39,
 "shown": 39,
 "hits": [
  {
   "file": "packages/contracts/src/automation/index.ts",
   "line": 128,
   "kind": "test-only-export",
   "text": "automationFireOutcomeSchema  —  export const automationFireOutcomeSchema = z.enum(AUTOMATION_FIRE_OUTCOMES);"
  },
  {
   "file": "packages/contracts/src/automation/index.ts",
   "line": 144,
   "kind": "test-only-export",
   "text": "globalVariableKeySchema  —  export const globalVariableKeySchema = z.string().min(1).max(GLOBAL_VARIABLE_KEY_MAX_CHARS);"
  },
  {
   "file": "packages/contracts/src/automation/presets.ts",
   "line": 109,
   "kind": "test-only-export",
   "text": "rulePresetScopeSchema  —  export const rulePresetScopeSchema = z.enum(RULE_PRESET_SCOPES);"
  },
  {
   "file": "packages/contracts/src/automation/presets.ts",
   "line": 113,
   "kind": "test-only-export",
   "text": "RulePresetKnobKind  —  export type RulePresetKnobKind = (typeof RULE_PRESET_KNOB_KINDS)[number];"
  },
  {
   "file": "packages/contracts/src/chat/bus.ts",
   "line": 683,
   "kind": "test-only-export",
   "text": "isChatBusEventType  —  export function isChatBusEventType(t: string): t is ChatBusEvent[\"type\"] {"
  },
  {
   "file": "packages/contracts/src/chat/content-classes.ts",
   "line": 55,
   "kind": "test-only-export",
   "text": "CONTENT_CLASS_POLICY  —  export const CONTENT_CLASS_POLICY: Readonly<Record<ContentSpanKind, ContentClassPolicy>> = {"
  },
  {
   "file": "packages/contracts/src/chat/messages.ts",
   "line": 286,
   "kind": "test-only-export",
   "text": "MessageSlot  —  export type MessageSlot = z.infer<typeof messageSlotSchema>;"
  },
  {
   "file": "packages/contracts/src/databank/index.ts",
   "line": 195,
   "kind": "test-only-export",
   "text": "DEFAULT_CHAT_DOCUMENT_VISIBILITY  —  export const DEFAULT_CHAT_DOCUMENT_VISIBILITY: ChatDocumentVisibility = { hidden: [] };"
  },
  {
   "file": "packages/contracts/src/discovery/index.ts",
   "line": 17,
   "kind": "test-only-export",
   "text": "duplicateRelationSchema  —  export const duplicateRelationSchema = z.enum(RELATIONS);"
  },
  {
   "file": "packages/contracts/src/embeddings/index.ts",
   "line": 79,
   "kind": "test-only-export",
   "text": "foldActiveSpace  —  export function foldActiveSpace(task: keyof typeof VECTOR_SCOPES_BY_TASK, rows: readonly CompletedSpaceRow[]): ActiveSpa"
  },
  {
   "file": "packages/contracts/src/embeddings/index.ts",
   "line": 237,
   "kind": "test-only-export",
   "text": "ImageBreakdown  —  export type ImageBreakdown = z.infer<typeof imageBreakdownSchema>;"
  },
  {
   "file": "packages/contracts/src/identity/index.ts",
   "line": 36,
   "kind": "test-only-export",
   "text": "authModeSchema  —  export const authModeSchema = z.enum(AUTH_MODES);"
  },
  {
   "file": "packages/contracts/src/inference/capability/capability.ts",
   "line": 23,
   "kind": "test-only-export",
   "text": "KIND_DEFS  —  export const KIND_DEFS: Record<ModelKind, KindDef> = {"
  },
  {
   "file": "packages/contracts/src/inference/connection-ref.ts",
   "line": 9,
   "kind": "test-only-export",
   "text": "connectionRefSchema  —  export const connectionRefSchema = z.object({ connectionId: typeIdSchema(ID_PREFIX.userConnection) });"
  },
  {
   "file": "packages/contracts/src/inference/deltas.ts",
   "line": 9,
   "kind": "test-only-export",
   "text": "deltaKindSchema  —  export const deltaKindSchema = z.enum(DELTA_KINDS);"
  },
  {
   "file": "packages/contracts/src/inference/evidence.ts",
   "line": 21,
   "kind": "test-only-export",
   "text": "evidenceRank  —  export function evidenceRank(tier: EvidenceTier): number {"
  },
  {
   "file": "packages/contracts/src/inference/finish-reasons.ts",
   "line": 11,
   "kind": "test-only-export",
   "text": "normalizedFinishReasonSchema  —  export const normalizedFinishReasonSchema = z.enum(NORMALIZED_FINISH_REASONS);"
  },
  {
   "file": "packages/contracts/src/inference/policy.ts",
   "line": 22,
   "kind": "test-only-export",
   "text": "taskProviders  —  export function taskProviders(task: Task, providers: readonly ProviderDef[] = BUILTIN_PROVIDERS): readonly ProviderDef[]"
  },
  {
   "file": "packages/contracts/src/memory/index.ts",
   "line": 15,
   "kind": "test-only-export",
   "text": "ClipKind  —  export type ClipKind = (typeof CLIP_KINDS)[number];"
  },
  {
   "file": "packages/contracts/src/memory/index.ts",
   "line": 17,
   "kind": "test-only-export",
   "text": "clipKindSchema  —  export const clipKindSchema = z.enum(CLIP_KINDS);"
  },
  {
   "file": "packages/contracts/src/memory/index.ts",
   "line": 22,
   "kind": "test-only-export",
   "text": "ClipSourceKind  —  export type ClipSourceKind = (typeof CLIP_SOURCE_KINDS)[number];"
  },
  {
   "file": "packages/contracts/src/memory/index.ts",
   "line": 24,
   "kind": "test-only-export",
   "text": "clipSourceKindSchema  —  export const clipSourceKindSchema = z.enum(CLIP_SOURCE_KINDS);"
  },
  {
   "file": "packages/contracts/src/memory/index.ts",
   "line": 28,
   "kind": "test-only-export",
   "text": "ClipScope  —  export type ClipScope = (typeof CLIP_SCOPES)[number];"
  },
  {
   "file": "packages/contracts/src/memory/index.ts",
   "line": 30,
   "kind": "test-only-export",
   "text": "clipScopeSchema  —  export const clipScopeSchema = z.enum(CLIP_SCOPES);"
  },
  {
   "file": "packages/contracts/src/preset/index.ts",
   "line": 1923,
   "kind": "test-only-export",
   "text": "TEMPLATE_DEF_BY_ID  —  export const TEMPLATE_DEF_BY_ID: Record<RegistryTemplateId, TemplateDef> & Partial<Record<ProseSlotId, TemplateDef>> = ("
  },
  {
   "file": "packages/contracts/src/preset/prose.ts",
   "line": 448,
   "kind": "test-only-export",
   "text": "PRESET_GUIDED_SLOT_IDS  —  export const PRESET_GUIDED_SLOT_IDS = {"
  },
  {
   "file": "packages/contracts/src/rpg/enums.ts",
   "line": 21,
   "kind": "test-only-export",
   "text": "rpgGameStatusSchema  —  export const rpgGameStatusSchema = z.enum(RPG_GAME_STATUSES);"
  },
  {
   "file": "packages/contracts/src/rpg/enums.ts",
   "line": 44,
   "kind": "test-only-export",
   "text": "rpgCheckpointTriggerSchema  —  export const rpgCheckpointTriggerSchema = z.enum(RPG_CHECKPOINT_TRIGGERS);"
  },
  {
   "file": "packages/contracts/src/rpg/enums.ts",
   "line": 56,
   "kind": "test-only-export",
   "text": "rpgTrackerShapeSchema  —  export const rpgTrackerShapeSchema = z.enum(RPG_TRACKER_SHAPES);"
  },
  {
   "file": "packages/contracts/src/rpg/enums.ts",
   "line": 67,
   "kind": "test-only-export",
   "text": "rpgTrackerWriteSchema  —  export const rpgTrackerWriteSchema = z.enum(RPG_TRACKER_WRITES);"
  },
  {
   "file": "packages/contracts/src/rpg/enums.ts",
   "line": 76,
   "kind": "test-only-export",
   "text": "rpgTrackerSubjectSchema  —  export const rpgTrackerSubjectSchema = z.enum(RPG_TRACKER_SUBJECTS);"
  },
  {
   "file": "packages/contracts/src/rpg/enums.ts",
   "line": 83,
   "kind": "test-only-export",
   "text": "rpgTrackerCarrierClassSchema  —  export const rpgTrackerCarrierClassSchema = z.enum(RPG_TRACKER_CARRIER_CLASSES);"
  },
  {
   "file": "packages/contracts/src/rpg/mode.ts",
   "line": 51,
   "kind": "test-only-export",
   "text": "MODE_POLICY  —  export const MODE_POLICY: Readonly<Record<RpgGameMode, RpgModePolicy>> = {"
  },
  {
   "file": "packages/contracts/src/rpg/profile.ts",
   "line": 159,
   "kind": "test-only-export",
   "text": "RPG_PACKAGED_PROFILE_BY_KEY  —  export const RPG_PACKAGED_PROFILE_BY_KEY: Readonly<Record<RpgPackagedProfileKey, RpgStatProfile>> = {"
  },
  {
   "file": "packages/contracts/src/rpg/snapshot.ts",
   "line": 33,
   "kind": "test-only-export",
   "text": "RpgPlotAct  —  export type RpgPlotAct = z.infer<typeof rpgPlotActSchema>;"
  },
  {
   "file": "packages/contracts/src/rpg/tracker.ts",
   "line": 177,
   "kind": "test-only-export",
   "text": "resolveTrackerCarriers  —  export function resolveTrackerCarriers(def: RpgTrackerDef, carriers: readonly RpgTrackerCarrier[]): readonly RpgTrackerC"
  },
  {
   "file": "packages/contracts/src/search/index.ts",
   "line": 14,
   "kind": "test-only-export",
   "text": "memoryRetrievalModeSchema  —  export const memoryRetrievalModeSchema = z.enum(MEMORY_RETRIEVAL_MODES);"
  },
  {
   "file": "packages/contracts/src/stream/index.ts",
   "line": 58,
   "kind": "test-only-export",
   "text": "STREAM_CHANNELS  —  export const STREAM_CHANNELS = [\"user\", \"notifications\", \"chat\", \"rpg\", \"automation\", \"workloads\"] as const satisfies re"
  },
  {
   "file": "packages/contracts/src/theme/override.ts",
   "line": 127,
   "kind": "test-only-export",
   "text": "VIEWER_SACRED_THEME_KEYS  —  export const VIEWER_SACRED_THEME_KEYS: readonly ViewerSacredThemeKey[] = REACH_ENTRIES.filter(([, reach]) => reach === \""
  }
 ],
 "meta": {
  "verb": "rot",
  "scope": "corpus:search-globs(packages/*/src,tests,scripts/**,packages/*/*.ts,*.mts,playwright)+path:/packages/contracts/src/",
  "langs": {
   "ts": 129
  },
  "scanned": 129,
  "skipped": 7725,
  "skippedBy": {
   "out-of-scope": 7725,
   "out-of-filter": 0,
   "test-file": 0,
   "declaration-file": 0
  },
  "matches": 68,
  "status": "complete"
 }
}
{
 "label": "rot contracts :: chains",
 "total": 0,
 "shown": 0,
 "hits": [],
 "meta": {
  "verb": "rot",
  "scope": "corpus:search-globs(packages/*/src,tests,scripts/**,packages/*/*.ts,*.mts,playwright)+path:/packages/contracts/src/",
  "langs": {
   "ts": 129
  },
  "scanned": 129,
  "skipped": 7725,
  "skippedBy": {
   "out-of-scope": 7725,
   "out-of-filter": 0,
   "test-file": 0,
   "declaration-file": 0
  },
  "matches": 68,
  "status": "complete"
 }
}
{
 "label": "rot contracts :: typeonly-alive",
 "total": 2,
 "shown": 2,
 "hits": [
  {
   "file": "packages/contracts/src/character/index.ts",
   "line": 601,
   "kind": "typeonly-alive",
   "text": "characterBulkTagResultSchema  ←  1 type-position ref(s): packages/contracts/src/character/index.ts:605  —  export const characterBulkTagResultSchema = z.object({"
  },
  {
   "file": "packages/contracts/src/embeddings/index.ts",
   "line": 242,
   "kind": "typeonly-alive",
   "text": "imageCaptionMetaSchema  ←  1 type-position ref(s): packages/contracts/src/embeddings/index.ts:243  —  export const imageCaptionMetaSchema = imageBreakdownSchema.omit({ caption: true }).partial().extend({ model: z.string()."
  }
 ],
 "meta": {
  "verb": "rot",
  "scope": "corpus:search-globs(packages/*/src,tests,scripts/**,packages/*/*.ts,*.mts,playwright)+path:/packages/contracts/src/",
  "langs": {
   "ts": 129
  },
  "scanned": 129,
  "skipped": 7725,
  "skippedBy": {
   "out-of-scope": 7725,
   "out-of-filter": 0,
   "test-file": 0,
   "declaration-file": 0
  },
  "matches": 70,
  "status": "complete"
 }
}
{
 "label": "rot contracts :: swallowed",
 "total": 0,
 "shown": 0,
 "hits": [],
 "meta": {
  "verb": "rot",
  "scope": "corpus:search-globs(packages/*/src,tests,scripts/**,packages/*/*.ts,*.mts,playwright)+path:/packages/contracts/src/",
  "langs": {
   "ts": 129
  },
  "scanned": 129,
  "skipped": 7725,
  "skippedBy": {
   "out-of-scope": 7725,
   "out-of-filter": 0,
   "test-file": 0,
   "declaration-file": 0
  },
  "matches": 70,
  "status": "complete"
 }
}
