{
 "label": "refs rpgRelationshipKindSchema (1 declaration(s))",
 "total": 6,
 "shown": 6,
 "hits": [
  {
   "file": "packages/contracts/src/rpg/actor.ts",
   "line": 30,
   "kind": "ref",
   "text": "import { rpgRelationshipKindSchema } from \"./enums.ts\";"
  },
  {
   "file": "packages/contracts/src/rpg/actor.ts",
   "line": 176,
   "kind": "ref",
   "text": "kind: rpgRelationshipKindSchema.default(\"neutral\"),"
  },
  {
   "file": "packages/contracts/src/rpg/enums.ts",
   "line": 94,
   "kind": "def",
   "text": "export const rpgRelationshipKindSchema = z.enum(RPG_RELATIONSHIP_KINDS);"
  },
  {
   "file": "packages/contracts/src/rpg/index.ts",
   "line": 130,
   "kind": "ref",
   "text": "rpgRelationshipKindSchema,"
  },
  {
   "file": "packages/contracts/src/rpg/tools.ts",
   "line": 27,
   "kind": "ref",
   "text": "import { rpgJournalTypeSchema, rpgRelationshipKindSchema } from \"./enums.ts\";"
  },
  {
   "file": "packages/contracts/src/rpg/tools.ts",
   "line": 81,
   "kind": "ref",
   "text": "kind: rpgRelationshipKindSchema,"
  }
 ],
 "meta": {
  "verb": "refs",
  "scope": "corpus:native-program-authored-roots(per-tsconfig)+workspace",
  "langs": {
   "dts": 9,
   "ts": 6442,
   "tsx": 1404
  },
  "scanned": 7855,
  "skipped": 0,
  "skippedBy": {
   "out-of-scope": 0,
   "out-of-filter": 0,
   "test-file": 0,
   "declaration-file": 0
  },
  "matches": 6,
  "status": "complete"
 }
}
