orphans: 5 of 34 candidate(s) SUPPRESSED by star re-exports in 3 file(s) — named below, NOT counted as hits (a namespace consumer of the re-exporting barrel may reach them):
  ~ packages/contracts/src/inference/provider-schema.ts:51  [star-suppressed]  CatalogStrategy  —  export type CatalogStrategy = (typeof CATALOG_STRATEGIES)[number];
  ~ packages/contracts/src/refinery/schema-authoring.ts:237  [star-suppressed]  RefinerySchemaDocument  —  export type RefinerySchemaDocument = z.infer<typeof refinerySchemaDocumentSchema>;
  ~ packages/contracts/src/refinery/schema-forge.ts:197  [star-suppressed]  ForgePlanEnvelope  —  export type ForgePlanEnvelope = z.infer<typeof forgePlanEnvelopeSchema>;
  ~ packages/contracts/src/refinery/schema-forge.ts:203  [star-suppressed]  ForgeFieldEnvelope  —  export type ForgeFieldEnvelope = z.infer<typeof forgeFieldEnvelopeSchema>;
  ~ packages/contracts/src/refinery/schema-forge.ts:224  [star-suppressed]  ForgeHintEnvelope  —  export type ForgeHintEnvelope = z.infer<typeof forgeHintEnvelopeSchema>;
{
 "label": "orphans contracts",
 "total": 29,
 "shown": 29,
 "hits": [
  {
   "file": "packages/contracts/src/assets/index.ts",
   "line": 168,
   "kind": "orphan-export",
   "text": "ResolveBlobRefsParams  —  export type ResolveBlobRefsParams = z.infer<typeof resolveBlobRefsParamsSchema>;"
  },
  {
   "file": "packages/contracts/src/assets/index.ts",
   "line": 194,
   "kind": "orphan-export",
   "text": "ResolveChatBlobRefsParams  —  export type ResolveChatBlobRefsParams = z.infer<typeof resolveChatBlobRefsParamsSchema>;"
  },
  {
   "file": "packages/contracts/src/automation/index.ts",
   "line": 467,
   "kind": "orphan-export",
   "text": "SpendArmType  —  export type SpendArmType = (typeof SPEND_ARM_TYPES)[number];"
  },
  {
   "file": "packages/contracts/src/automation/index.ts",
   "line": 910,
   "kind": "orphan-export",
   "text": "AutomationBusEventType  —  export type AutomationBusEventType = AutomationBusEvent[\"type\"];"
  },
  {
   "file": "packages/contracts/src/automation/index.ts",
   "line": 929,
   "kind": "orphan-export",
   "text": "AUTOMATION_BUS_EVENT_TYPES  —  export const AUTOMATION_BUS_EVENT_TYPES = {"
  },
  {
   "file": "packages/contracts/src/chat/bus.ts",
   "line": 298,
   "kind": "orphan-export",
   "text": "TurnAbortedOpCode  —  export type TurnAbortedOpCode = typeof TURN_ABORTED_OP_CODE;"
  },
  {
   "file": "packages/contracts/src/chat/bus.ts",
   "line": 308,
   "kind": "orphan-export",
   "text": "TurnLockedOpCode  —  export type TurnLockedOpCode = typeof TURN_LOCKED_OP_CODE;"
  },
  {
   "file": "packages/contracts/src/chat/bus.ts",
   "line": 318,
   "kind": "orphan-export",
   "text": "UserMacroUnknownPickOpCode  —  export type UserMacroUnknownPickOpCode = typeof USER_MACRO_UNKNOWN_PICK_OP_CODE;"
  },
  {
   "file": "packages/contracts/src/chat/participants.ts",
   "line": 24,
   "kind": "orphan-export",
   "text": "participantKindSchema  —  export const participantKindSchema = z.enum(PARTICIPANT_KINDS);"
  },
  {
   "file": "packages/contracts/src/chat/roster.ts",
   "line": 28,
   "kind": "orphan-export",
   "text": "participantRoleSchema  —  export const participantRoleSchema = z.enum(PARTICIPANT_ROLES);"
  },
  {
   "file": "packages/contracts/src/chat/roster.ts",
   "line": 540,
   "kind": "orphan-export",
   "text": "inviteStatusSchema  —  export const inviteStatusSchema = z.enum(INVITE_STATUSES);"
  },
  {
   "file": "packages/contracts/src/chat/roster.ts",
   "line": 578,
   "kind": "orphan-export",
   "text": "AcceptInviteInput  —  export type AcceptInviteInput = z.infer<typeof acceptInviteSchema>;"
  },
  {
   "file": "packages/contracts/src/identity/index.ts",
   "line": 27,
   "kind": "orphan-export",
   "text": "userKindSchema  —  export const userKindSchema = z.enum(USER_KINDS);"
  },
  {
   "file": "packages/contracts/src/imagery/index.ts",
   "line": 245,
   "kind": "orphan-export",
   "text": "GeneratePictureRequest  —  export type GeneratePictureRequest = z.infer<typeof generatePictureRequestSchema>;"
  },
  {
   "file": "packages/contracts/src/plugin/host-v1.ts",
   "line": 177,
   "kind": "orphan-export",
   "text": "PluginInvocation  —  export interface PluginInvocation {"
  },
  {
   "file": "packages/contracts/src/refinery/index.ts",
   "line": 304,
   "kind": "orphan-export",
   "text": "RefineryCustomStageConfig  —  export type RefineryCustomStageConfig = z.infer<typeof refineryCustomStageConfigSchema>;"
  },
  {
   "file": "packages/contracts/src/refinery/index.ts",
   "line": 382,
   "kind": "orphan-export",
   "text": "RefineryFieldScore  —  export type RefineryFieldScore = z.infer<typeof refineryFieldScoreSchema>;"
  },
  {
   "file": "packages/contracts/src/rpg/actor.ts",
   "line": 357,
   "kind": "orphan-export",
   "text": "RpgActorIdentityTextField  —  export type RpgActorIdentityTextField = (typeof RPG_ACTOR_IDENTITY_TEXT_FIELDS)[number];"
  },
  {
   "file": "packages/contracts/src/rpg/ambient.ts",
   "line": 48,
   "kind": "orphan-export",
   "text": "RpgWeatherType  —  export type RpgWeatherType = (typeof RPG_WEATHER_TYPES)[number];"
  },
  {
   "file": "packages/contracts/src/rpg/enums.ts",
   "line": 43,
   "kind": "orphan-export",
   "text": "RpgCheckpointTrigger  —  export type RpgCheckpointTrigger = (typeof RPG_CHECKPOINT_TRIGGERS)[number];"
  },
  {
   "file": "packages/contracts/src/rpg/enums.ts",
   "line": 66,
   "kind": "orphan-export",
   "text": "RpgTrackerWrite  —  export type RpgTrackerWrite = (typeof RPG_TRACKER_WRITES)[number];"
  },
  {
   "file": "packages/contracts/src/rpg/enums.ts",
   "line": 75,
   "kind": "orphan-export",
   "text": "RpgTrackerSubject  —  export type RpgTrackerSubject = (typeof RPG_TRACKER_SUBJECTS)[number];"
  },
  {
   "file": "packages/contracts/src/rpg/enums.ts",
   "line": 94,
   "kind": "orphan-export",
   "text": "rpgRelationshipKindSchema  —  export const rpgRelationshipKindSchema = z.enum(RPG_RELATIONSHIP_KINDS);"
  },
  {
   "file": "packages/contracts/src/rpg/enums.ts",
   "line": 107,
   "kind": "orphan-export",
   "text": "rpgCyoaChoiceBehaviorSchema  —  export const rpgCyoaChoiceBehaviorSchema = z.enum(RPG_CYOA_CHOICE_BEHAVIORS);"
  },
  {
   "file": "packages/contracts/src/rpg/extraction.ts",
   "line": 415,
   "kind": "orphan-export",
   "text": "RpgToolRoundToolName  —  export type RpgToolRoundToolName = (typeof RPG_TOOL_ROUND_TOOL_NAMES)[number];"
  },
  {
   "file": "packages/contracts/src/rpg/extraction.ts",
   "line": 716,
   "kind": "orphan-export",
   "text": "RpgPopulate  —  export type RpgPopulate = z.infer<typeof rpgPopulateSchema>;"
  },
  {
   "file": "packages/contracts/src/rpg/mode.ts",
   "line": 98,
   "kind": "orphan-export",
   "text": "RpgModeCapabilityAxis  —  export type RpgModeCapabilityAxis = {"
  },
  {
   "file": "packages/contracts/src/rpg/tools.ts",
   "line": 201,
   "kind": "orphan-export",
   "text": "RpgQuestAction  —  export type RpgQuestAction = (typeof RPG_QUEST_ACTIONS)[number];"
  },
  {
   "file": "packages/contracts/src/rpg/tools.ts",
   "line": 289,
   "kind": "orphan-export",
   "text": "RollDiceArgs  —  export type RollDiceArgs = z.infer<typeof rollDiceArgsSchema>;"
  }
 ],
 "meta": {
  "verb": "orphans",
  "scope": "corpus:search-globs(packages/*/src,tests,scripts/**,packages/*/*.ts,*.mts,playwright)+path:/packages/contracts/src/",
  "langs": {
   "ts": 129
  },
  "scanned": 129,
  "skipped": 7725,
  "skippedBy": {
   "out-of-scope": 7725,
   "out-of-filter": 0,
   "test-file": 0,
   "declaration-file": 0
  },
  "matches": 29,
  "status": "complete"
 }
}
